// Jest Snapshot v1, https://goo.gl/fbAQLP

exports[`afterware pagination 1`] = `
QueryPagination {
  "_": Object {
    "afterware": Array [
      [Function],
      [Function],
    ],
    "middleware": Array [],
    "node": "Int",
    "parentArgs": undefined,
    "resolve": [Function],
    "type": "[Int]",
  },
  "args": Object {
    "after": Object {
      "type": "String",
    },
    "first": Object {
      "type": "Int",
    },
    "offset": Object {
      "type": "Int",
    },
  },
  "resolve": [Function],
  "type": "[Int]",
}
`;
